src/__tests__/components/Controls.test.tsx(93,5): error TS2322: Type 'Date' is not assignable to type 'string'.
src/__tests__/lib/utils.test.ts(65,9): error TS2322: Type 'Date' is not assignable to type 'string'.
src/__tests__/lib/utils.test.ts(81,9): error TS2322: Type 'Date' is not assignable to type 'string'.
src/__tests__/lib/utils.test.ts(97,9): error TS2322: Type 'Date' is not assignable to type 'string'.
